
> Configure project :app
WARNING: The option setting 'android.experimental.enableDeviceTargetingConfigApi=true' is experimental.
The current default is 'false'.

[Incubating] Problems report is available at: file:///C:/Users/rawat/litert-samples/v2/image_segmentation/kotlin_npu/android_jit/build/reports/problems/problems-report.html
.\gradlew.bat : 
At line:1 char:1
+ .\gradlew.bat clean assembleDebug --stacktrace > 
build_output.txt 2>& ...
+ ~~~~~~~~~~~~~~~~~~~~~~~~~~~~~~~~~~~~~~~~~~~~~~~~~~~~
~~~~~~~~~~~~~~~~~
    + CategoryInfo          : NotSpecified: (:String) 
    [], RemoteException
    + FullyQualifiedErrorId : NativeCommandError
 
FAILURE: Build failed with an exception.

* What went wrong:
Could not determine the dependencies of task 
':app:checkDebugLibraries'.
> Could not resolve all dependencies for 
configuration ':app:debugReverseMetadataValues'.
   > Could not resolve project 
:litert_npu_runtime_libraries:mediatek_runtime.
     Required by:
         project :app
      > No matching variant of project 
:litert_npu_runtime_libraries:mediatek_runtime was 
found. The consumer was configured to find a 
component for use during 'android-reverse-meta-data', 
as well as attribute 
'com.android.build.api.attributes.AgpVersionAttr' 
with value '8.13.1', attribute 
'com.android.build.api.attributes.BuildTypeAttr' with 
value 'debug' but:
          - No variants exist.
   > Could not resolve project 
:litert_npu_runtime_libraries:qualcomm_runtime_v69.
     Required by:
         project :app
      > No matching variant of project 
:litert_npu_runtime_libraries:qualcomm_runtime_v69 
was found. The consumer was configured to find a 
component for use during 'android-reverse-meta-data', 
as well as attribute 
'com.android.build.api.attributes.AgpVersionAttr' 
with value '8.13.1', attribute 
'com.android.build.api.attributes.BuildTypeAttr' with 
value 'debug' but:
          - No variants exist.
   > Could not resolve project 
:litert_npu_runtime_libraries:qualcomm_runtime_v73.
     Required by:
         project :app
      > No matching variant of project 
:litert_npu_runtime_libraries:qualcomm_runtime_v73 
was found. The consumer was configured to find a 
component for use during 'android-reverse-meta-data', 
as well as attribute 
'com.android.build.api.attributes.AgpVersionAttr' 
with value '8.13.1', attribute 
'com.android.build.api.attributes.BuildTypeAttr' with 
value 'debug' but:
          - No variants exist.
   > Could not resolve project 
:litert_npu_runtime_libraries:qualcomm_runtime_v75.
     Required by:
         project :app
      > No matching variant of project 
:litert_npu_runtime_libraries:qualcomm_runtime_v75 
was found. The consumer was configured to find a 
component for use during 'android-reverse-meta-data', 
as well as attribute 
'com.android.build.api.attributes.AgpVersionAttr' 
with value '8.13.1', attribute 
'com.android.build.api.attributes.BuildTypeAttr' with 
value 'debug' but:
          - No variants exist.
   > Could not resolve project 
:litert_npu_runtime_libraries:qualcomm_runtime_v79.
     Required by:
         project :app
      > No matching variant of project 
:litert_npu_runtime_libraries:qualcomm_runtime_v79 
was found. The consumer was configured to find a 
component for use during 'android-reverse-meta-data', 
as well as attribute 
'com.android.build.api.attributes.AgpVersionAttr' 
with value '8.13.1', attribute 
'com.android.build.api.attributes.BuildTypeAttr' with 
value 'debug' but:
          - No variants exist.
   > Could not resolve project 
:litert_npu_runtime_libraries:qualcomm_runtime_v81.
     Required by:
         project :app
      > No matching variant of project 
:litert_npu_runtime_libraries:qualcomm_runtime_v81 
was found. The consumer was configured to find a 
component for use during 'android-reverse-meta-data', 
as well as attribute 
'com.android.build.api.attributes.AgpVersionAttr' 
with value '8.13.1', attribute 
'com.android.build.api.attributes.BuildTypeAttr' with 
value 'debug' but:
          - No variants exist.

* Try:
> Creating consumable variants is explained in more 
detail at https://docs.gradle.org/8.13/userguide/decla
ring_dependencies.html#sec:resolvable-consumable-confi
gs.
> Review the variant matching algorithm at https://doc
s.gradle.org/8.13/userguide/variant_attributes.html#se
c:abm_algorithm.
> Run with --info or --debug option to get more log 
output.
> Run with --scan to get full insights.
> Get more help at https://help.gradle.org.

* Exception is:
org.gradle.api.internal.tasks.TaskDependencyResolveExc
eption: Could not determine the dependencies of task 
':app:checkDebugLibraries'.
	at org.gradle.api.internal.tasks.CachingTaskDependenc
yResolveContext.getDependencies(CachingTaskDependencyR
esolveContext.java:70)
	at org.gradle.execution.plan.TaskDependencyResolver.r
esolveDependenciesFor(TaskDependencyResolver.java:49)
	at org.gradle.execution.plan.LocalTaskNode.getDepende
ncies(LocalTaskNode.java:151)
	at org.gradle.execution.plan.LocalTaskNode.resolveDep
endencies(LocalTaskNode.java:125)
	at org.gradle.execution.plan.DefaultExecutionPlan.dis
coverNodeRelationships(DefaultExecutionPlan.java:182)
	at org.gradle.execution.plan.DefaultExecutionPlan.doA
ddEntryNodes(DefaultExecutionPlan.java:154)
	at org.gradle.execution.plan.DefaultExecutionPlan.add
EntryTasks(DefaultExecutionPlan.java:129)
	at org.gradle.execution.plan.DefaultExecutionPlan.add
EntryTasks(DefaultExecutionPlan.java:121)
	at org.gradle.execution.TaskNameResolvingBuildTaskSch
eduler.scheduleRequestedTasks(TaskNameResolvingBuildTa
skScheduler.java:61)
	at org.gradle.execution.DefaultTasksBuildTaskSchedule
r.scheduleRequestedTasks(DefaultTasksBuildTaskSchedule
r.java:72)
	at org.gradle.initialization.DefaultTaskExecutionPrep
arer.lambda$scheduleRequestedTasks$0(DefaultTaskExecut
ionPreparer.java:48)
	at org.gradle.internal.Factories$1.create(Factories.j
ava:31)
	at org.gradle.internal.work.DefaultWorkerLeaseService
.withReplacedLocks(DefaultWorkerLeaseService.java:359)
	at org.gradle.api.internal.project.DefaultProjectStat
eRegistry$DefaultBuildProjectRegistry.withMutableState
OfAllProjects(DefaultProjectStateRegistry.java:239)
	at org.gradle.api.internal.project.DefaultProjectStat
eRegistry$DefaultBuildProjectRegistry.withMutableState
OfAllProjects(DefaultProjectStateRegistry.java:232)
	at org.gradle.initialization.DefaultTaskExecutionPrep
arer.scheduleRequestedTasks(DefaultTaskExecutionPrepar
er.java:47)
	at org.gradle.initialization.VintageBuildModelControl
ler.lambda$scheduleRequestedTasks$0(VintageBuildModelC
ontroller.java:76)
	at org.gradle.internal.model.StateTransitionControlle
r.lambda$inState$1(StateTransitionController.java:99)
	at org.gradle.internal.model.StateTransitionControlle
r.lambda$inState$2(StateTransitionController.java:114)
	at org.gradle.internal.work.DefaultSynchronizer.withL
ock(DefaultSynchronizer.java:46)
	at org.gradle.internal.model.StateTransitionControlle
r.inState(StateTransitionController.java:110)
	at org.gradle.internal.model.StateTransitionControlle
r.inState(StateTransitionController.java:98)
	at org.gradle.initialization.VintageBuildModelControl
ler.scheduleRequestedTasks(VintageBuildModelController
.java:76)
	at org.gradle.internal.build.DefaultBuildLifecycleCon
troller$DefaultWorkGraphBuilder.addRequestedTasks(Defa
ultBuildLifecycleController.java:404)
	at org.gradle.internal.buildtree.DefaultBuildTreeWork
Preparer.lambda$scheduleRequestedTasks$0(DefaultBuildT
reeWorkPreparer.java:41)
	at org.gradle.internal.build.DefaultBuildLifecycleCon
troller.lambda$populateWorkGraph$7(DefaultBuildLifecyc
leController.java:189)
	at org.gradle.internal.build.DefaultBuildWorkPreparer
.populateWorkGraph(DefaultBuildWorkPreparer.java:42)
	at org.gradle.internal.build.BuildOperationFiringBuil
dWorkPreparer$PopulateWorkGraph.populateTaskGraph(Buil
dOperationFiringBuildWorkPreparer.java:106)
	at org.gradle.internal.build.BuildOperationFiringBuil
dWorkPreparer$PopulateWorkGraph.run(BuildOperationFiri
ngBuildWorkPreparer.java:92)
	at org.gradle.internal.operations.DefaultBuildOperati
onRunner$1.execute(DefaultBuildOperationRunner.java:30
)
	at org.gradle.internal.operations.DefaultBuildOperati
onRunner$1.execute(DefaultBuildOperationRunner.java:27
)
	at org.gradle.internal.operations.DefaultBuildOperati
onRunner$2.execute(DefaultBuildOperationRunner.java:67
)
	at org.gradle.internal.operations.DefaultBuildOperati
onRunner$2.execute(DefaultBuildOperationRunner.java:60
)
	at org.gradle.internal.operations.DefaultBuildOperati
onRunner.execute(DefaultBuildOperationRunner.java:167)
	at org.gradle.internal.operations.DefaultBuildOperati
onRunner.execute(DefaultBuildOperationRunner.java:60)
	at org.gradle.internal.operations.DefaultBuildOperati
onRunner.run(DefaultBuildOperationRunner.java:48)
	at org.gradle.internal.build.BuildOperationFiringBuil
dWorkPreparer.populateWorkGraph(BuildOperationFiringBu
ildWorkPreparer.java:67)
	at org.gradle.internal.build.DefaultBuildLifecycleCon
troller.lambda$populateWorkGraph$8(DefaultBuildLifecyc
leController.java:189)
	at org.gradle.internal.model.StateTransitionControlle
r.lambda$inState$1(StateTransitionController.java:99)
	at org.gradle.internal.model.StateTransitionControlle
r.lambda$inState$2(StateTransitionController.java:114)
	at org.gradle.internal.work.DefaultSynchronizer.withL
ock(DefaultSynchronizer.java:46)
	at org.gradle.internal.model.StateTransitionControlle
r.inState(StateTransitionController.java:110)
	at org.gradle.internal.model.StateTransitionControlle
r.inState(StateTransitionController.java:98)
	at org.gradle.internal.build.DefaultBuildLifecycleCon
troller.populateWorkGraph(DefaultBuildLifecycleControl
ler.java:189)
	at org.gradle.internal.build.DefaultBuildWorkGraphCon
troller$DefaultBuildWorkGraph.populateWorkGraph(Defaul
tBuildWorkGraphController.java:169)
	at org.gradle.composite.internal.DefaultBuildControll
er.populateWorkGraph(DefaultBuildController.java:76)
	at org.gradle.composite.internal.DefaultIncludedBuild
TaskGraph$DefaultBuildTreeWorkGraphBuilder.withWorkGra
ph(DefaultIncludedBuildTaskGraph.java:153)
	at org.gradle.internal.buildtree.DefaultBuildTreeWork
Preparer.lambda$scheduleRequestedTasks$1(DefaultBuildT
reeWorkPreparer.java:41)
	at org.gradle.composite.internal.DefaultIncludedBuild
TaskGraph$DefaultBuildTreeWorkGraph$1.run(DefaultInclu
dedBuildTaskGraph.java:209)
	at org.gradle.internal.operations.DefaultBuildOperati
onRunner$1.execute(DefaultBuildOperationRunner.java:30
)
	at org.gradle.internal.operations.DefaultBuildOperati
onRunner$1.execute(DefaultBuildOperationRunner.java:27
)
	at org.gradle.internal.operations.DefaultBuildOperati
onRunner$2.execute(DefaultBuildOperationRunner.java:67
)
	at org.gradle.internal.operations.DefaultBuildOperati
onRunner$2.execute(DefaultBuildOperationRunner.java:60
)
	at org.gradle.internal.operations.DefaultBuildOperati
onRunner.execute(DefaultBuildOperationRunner.java:167)
	at org.gradle.internal.operations.DefaultBuildOperati
onRunner.execute(DefaultBuildOperationRunner.java:60)
	at org.gradle.internal.operations.DefaultBuildOperati
onRunner.run(DefaultBuildOperationRunner.java:48)
	at org.gradle.composite.internal.DefaultIncludedBuild
TaskGraph$DefaultBuildTreeWorkGraph.scheduleWork(Defau
ltIncludedBuildTaskGraph.java:204)
	at org.gradle.internal.buildtree.DefaultBuildTreeWork
Preparer.scheduleRequestedTasks(DefaultBuildTreeWorkPr
eparer.java:37)
	at org.gradle.internal.cc.impl.VintageBuildTreeWorkCo
ntroller$scheduleAndRunRequestedTasks$1.apply(VintageB
uildTreeWorkController.kt:36)
	at org.gradle.internal.cc.impl.VintageBuildTreeWorkCo
ntroller$scheduleAndRunRequestedTasks$1.apply(VintageB
uildTreeWorkController.kt:35)
	at org.gradle.composite.internal.DefaultIncludedBuild
TaskGraph.withNewWorkGraph(DefaultIncludedBuildTaskGra
ph.java:112)
	at org.gradle.internal.cc.impl.VintageBuildTreeWorkCo
ntroller.scheduleAndRunRequestedTasks(VintageBuildTree
WorkController.kt:35)
	at org.gradle.internal.buildtree.DefaultBuildTreeLife
cycleController.lambda$scheduleAndRunTasks$1(DefaultBu
ildTreeLifecycleController.java:77)
	at org.gradle.internal.buildtree.DefaultBuildTreeLife
cycleController.lambda$runBuild$4(DefaultBuildTreeLife
cycleController.java:120)
	at org.gradle.internal.model.StateTransitionControlle
r.lambda$transition$6(StateTransitionController.java:1
69)
	at org.gradle.internal.model.StateTransitionControlle
r.doTransition(StateTransitionController.java:266)
	at org.gradle.internal.model.StateTransitionControlle
r.lambda$transition$7(StateTransitionController.java:1
69)
	at org.gradle.internal.work.DefaultSynchronizer.withL
ock(DefaultSynchronizer.java:46)
	at org.gradle.internal.model.StateTransitionControlle
r.transition(StateTransitionController.java:169)
	at org.gradle.internal.buildtree.DefaultBuildTreeLife
cycleController.runBuild(DefaultBuildTreeLifecycleCont
roller.java:117)
	at org.gradle.internal.buildtree.DefaultBuildTreeLife
cycleController.scheduleAndRunTasks(DefaultBuildTreeLi
fecycleController.java:77)
	at org.gradle.internal.buildtree.DefaultBuildTreeLife
cycleController.scheduleAndRunTasks(DefaultBuildTreeLi
fecycleController.java:72)
	at org.gradle.tooling.internal.provider.ExecuteBuildA
ctionRunner.run(ExecuteBuildActionRunner.java:31)
	at org.gradle.launcher.exec.ChainingBuildActionRunner
.run(ChainingBuildActionRunner.java:35)
	at org.gradle.internal.buildtree.ProblemReportingBuil
dActionRunner.run(ProblemReportingBuildActionRunner.ja
va:49)
	at org.gradle.launcher.exec.BuildOutcomeReportingBuil
dActionRunner.run(BuildOutcomeReportingBuildActionRunn
er.java:71)
	at org.gradle.tooling.internal.provider.FileSystemWat
chingBuildActionRunner.run(FileSystemWatchingBuildActi
onRunner.java:135)
	at org.gradle.launcher.exec.BuildCompletionNotifyingB
uildActionRunner.run(BuildCompletionNotifyingBuildActi
onRunner.java:41)
	at org.gradle.launcher.exec.RootBuildLifecycleBuildAc
tionExecutor.lambda$execute$0(RootBuildLifecycleBuildA
ctionExecutor.java:54)
	at org.gradle.composite.internal.DefaultRootBuildStat
e.run(DefaultRootBuildState.java:130)
	at org.gradle.launcher.exec.RootBuildLifecycleBuildAc
tionExecutor.execute(RootBuildLifecycleBuildActionExec
utor.java:54)
	at org.gradle.internal.buildtree.InitDeprecationLoggi
ngActionExecutor.execute(InitDeprecationLoggingActionE
xecutor.java:62)
	at org.gradle.internal.buildtree.InitProblems.execute
(InitProblems.java:36)
	at org.gradle.internal.buildtree.DefaultBuildTreeCont
ext.execute(DefaultBuildTreeContext.java:40)
	at org.gradle.launcher.exec.BuildTreeLifecycleBuildAc
tionExecutor.lambda$execute$0(BuildTreeLifecycleBuildA
ctionExecutor.java:71)
	at org.gradle.internal.buildtree.BuildTreeState.run(B
uildTreeState.java:60)
	at org.gradle.launcher.exec.BuildTreeLifecycleBuildAc
tionExecutor.execute(BuildTreeLifecycleBuildActionExec
utor.java:71)
	at org.gradle.launcher.exec.RunAsBuildOperationBuildA
ctionExecutor$2.call(RunAsBuildOperationBuildActionExe
cutor.java:67)
	at org.gradle.launcher.exec.RunAsBuildOperationBuildA
ctionExecutor$2.call(RunAsBuildOperationBuildActionExe
cutor.java:63)
	at org.gradle.internal.operations.DefaultBuildOperati
onRunner$CallableBuildOperationWorker.execute(DefaultB
uildOperationRunner.java:210)
	at org.gradle.internal.operations.DefaultBuildOperati
onRunner$CallableBuildOperationWorker.execute(DefaultB
uildOperationRunner.java:205)
	at org.gradle.internal.operations.DefaultBuildOperati
onRunner$2.execute(DefaultBuildOperationRunner.java:67
)
	at org.gradle.internal.operations.DefaultBuildOperati
onRunner$2.execute(DefaultBuildOperationRunner.java:60
)
	at org.gradle.internal.operations.DefaultBuildOperati
onRunner.execute(DefaultBuildOperationRunner.java:167)
	at org.gradle.internal.operations.DefaultBuildOperati
onRunner.execute(DefaultBuildOperationRunner.java:60)
	at org.gradle.internal.operations.DefaultBuildOperati
onRunner.call(DefaultBuildOperationRunner.java:54)
	at org.gradle.launcher.exec.RunAsBuildOperationBuildA
ctionExecutor.execute(RunAsBuildOperationBuildActionEx
ecutor.java:63)
	at org.gradle.launcher.exec.RunAsWorkerThreadBuildAct
ionExecutor.lambda$execute$0(RunAsWorkerThreadBuildAct
ionExecutor.java:36)
	at org.gradle.internal.work.DefaultWorkerLeaseService
.withLocks(DefaultWorkerLeaseService.java:263)
	at org.gradle.internal.work.DefaultWorkerLeaseService
.runAsWorkerThread(DefaultWorkerLeaseService.java:127)
	at org.gradle.launcher.exec.RunAsWorkerThreadBuildAct
ionExecutor.execute(RunAsWorkerThreadBuildActionExecut
or.java:36)
	at org.gradle.tooling.internal.provider.continuous.Co
ntinuousBuildActionExecutor.execute(ContinuousBuildAct
ionExecutor.java:110)
	at org.gradle.tooling.internal.provider.SubscribableB
uildActionExecutor.execute(SubscribableBuildActionExec
utor.java:64)
	at org.gradle.internal.session.DefaultBuildSessionCon
text.execute(DefaultBuildSessionContext.java:46)
	at org.gradle.internal.buildprocess.execution.BuildSe
ssionLifecycleBuildActionExecutor$ActionImpl.apply(Bui
ldSessionLifecycleBuildActionExecutor.java:92)
	at org.gradle.internal.buildprocess.execution.BuildSe
ssionLifecycleBuildActionExecutor$ActionImpl.apply(Bui
ldSessionLifecycleBuildActionExecutor.java:80)
	at org.gradle.internal.session.BuildSessionState.run(
BuildSessionState.java:73)
	at org.gradle.internal.buildprocess.execution.BuildSe
ssionLifecycleBuildActionExecutor.execute(BuildSession
LifecycleBuildActionExecutor.java:62)
	at org.gradle.internal.buildprocess.execution.BuildSe
ssionLifecycleBuildActionExecutor.execute(BuildSession
LifecycleBuildActionExecutor.java:41)
	at org.gradle.internal.buildprocess.execution.StartPa
ramsValidatingActionExecutor.execute(StartParamsValida
tingActionExecutor.java:64)
	at org.gradle.internal.buildprocess.execution.StartPa
ramsValidatingActionExecutor.execute(StartParamsValida
tingActionExecutor.java:32)
	at org.gradle.internal.buildprocess.execution.Session
FailureReportingActionExecutor.execute(SessionFailureR
eportingActionExecutor.java:51)
	at org.gradle.internal.buildprocess.execution.Session
FailureReportingActionExecutor.execute(SessionFailureR
eportingActionExecutor.java:39)
	at org.gradle.internal.buildprocess.execution.SetupLo
ggingActionExecutor.execute(SetupLoggingActionExecutor
.java:47)
	at org.gradle.internal.buildprocess.execution.SetupLo
ggingActionExecutor.execute(SetupLoggingActionExecutor
.java:31)
	at org.gradle.launcher.daemon.server.exec.ExecuteBuil
d.doBuild(ExecuteBuild.java:70)
	at org.gradle.launcher.daemon.server.exec.BuildComman
dOnly.execute(BuildCommandOnly.java:37)
	at org.gradle.launcher.daemon.server.api.DaemonComman
dExecution.proceed(DaemonCommandExecution.java:104)
	at org.gradle.launcher.daemon.server.exec.WatchForDis
connection.execute(WatchForDisconnection.java:39)
	at org.gradle.launcher.daemon.server.api.DaemonComman
dExecution.proceed(DaemonCommandExecution.java:104)
	at org.gradle.launcher.daemon.server.exec.ResetDeprec
ationLogger.execute(ResetDeprecationLogger.java:29)
	at org.gradle.launcher.daemon.server.api.DaemonComman
dExecution.proceed(DaemonCommandExecution.java:104)
	at org.gradle.launcher.daemon.server.exec.RequestStop
IfSingleUsedDaemon.execute(RequestStopIfSingleUsedDaem
on.java:35)
	at org.gradle.launcher.daemon.server.api.DaemonComman
dExecution.proceed(DaemonCommandExecution.java:104)
	at org.gradle.launcher.daemon.server.exec.ForwardClie
ntInput.lambda$execute$0(ForwardClientInput.java:40)
	at org.gradle.internal.daemon.clientinput.ClientInput
Forwarder.forwardInput(ClientInputForwarder.java:80)
	at org.gradle.launcher.daemon.server.exec.ForwardClie
ntInput.execute(ForwardClientInput.java:37)
	at org.gradle.launcher.daemon.server.api.DaemonComman
dExecution.proceed(DaemonCommandExecution.java:104)
	at org.gradle.launcher.daemon.server.exec.LogAndCheck
Health.execute(LogAndCheckHealth.java:64)
	at org.gradle.launcher.daemon.server.api.DaemonComman
dExecution.proceed(DaemonCommandExecution.java:104)
	at org.gradle.launcher.daemon.server.exec.LogToClient
.doBuild(LogToClient.java:63)
	at org.gradle.launcher.daemon.server.exec.BuildComman
dOnly.execute(BuildCommandOnly.java:37)
	at org.gradle.launcher.daemon.server.api.DaemonComman
dExecution.proceed(DaemonCommandExecution.java:104)
	at org.gradle.launcher.daemon.server.exec.EstablishBu
ildEnvironment.doBuild(EstablishBuildEnvironment.java:
84)
	at org.gradle.launcher.daemon.server.exec.BuildComman
dOnly.execute(BuildCommandOnly.java:37)
	at org.gradle.launcher.daemon.server.api.DaemonComman
dExecution.proceed(DaemonCommandExecution.java:104)
	at org.gradle.launcher.daemon.server.exec.StartBuildO
rRespondWithBusy$1.run(StartBuildOrRespondWithBusy.jav
a:52)
	at org.gradle.launcher.daemon.server.DaemonStateCoord
inator.lambda$runCommand$0(DaemonStateCoordinator.java
:321)
	at org.gradle.internal.concurrent.ExecutorPolicy$Catc
hAndRecordFailures.onExecute(ExecutorPolicy.java:64)
	at org.gradle.internal.concurrent.AbstractManagedExec
utor$1.run(AbstractManagedExecutor.java:48)
Caused by: org.gradle.api.internal.artifacts.ivyservic
e.TypedResolveException: Could not resolve all 
dependencies for configuration 
':app:debugReverseMetadataValues'.
	at org.gradle.api.internal.artifacts.ResolveException
Mapper.mapFailures(ResolveExceptionMapper.java:58)
	at org.gradle.api.internal.artifacts.configurations.D
efaultConfiguration$DefaultResolutionHost.consolidateF
ailures(DefaultConfiguration.java:1928)
	at org.gradle.api.internal.artifacts.configurations.R
esolutionBackedFileCollection.visitDependencies(Resolu
tionBackedFileCollection.java:60)
	at org.gradle.api.internal.tasks.CachingTaskDependenc
yResolveContext$TaskGraphImpl.getNodeValues(CachingTas
kDependencyResolveContext.java:108)
	at org.gradle.internal.graph.CachingDirectedGraphWalk
er$GraphWithEmptyEdges.getNodeValues(CachingDirectedGr
aphWalker.java:219)
	at org.gradle.internal.graph.CachingDirectedGraphWalk
er.doSearch(CachingDirectedGraphWalker.java:127)
	at org.gradle.internal.graph.CachingDirectedGraphWalk
er.findValues(CachingDirectedGraphWalker.java:79)
	at org.gradle.api.internal.tasks.CachingTaskDependenc
yResolveContext.getDependencies(CachingTaskDependencyR
esolveContext.java:67)
	... 139 more
Caused by: org.gradle.internal.resolve.ModuleVersionRe
solveException: Could not resolve project 
:litert_npu_runtime_libraries:mediatek_runtime.
Required by:
    project :app
Caused by: org.gradle.internal.component.resolution.fa
ilure.exception.VariantSelectionByAttributesException:
 No matching variant of project 
:litert_npu_runtime_libraries:mediatek_runtime was 
found. The consumer was configured to find a 
component for use during 'android-reverse-meta-data', 
as well as attribute 
'com.android.build.api.attributes.AgpVersionAttr' 
with value '8.13.1', attribute 
'com.android.build.api.attributes.BuildTypeAttr' with 
value 'debug' but:
  - No variants exist.
	at org.gradle.internal.component.resolution.failure.d
escriber.NoCompatibleVariantsFailureDescriber.describe
Failure(NoCompatibleVariantsFailureDescriber.java:58)
	at org.gradle.internal.component.resolution.failure.d
escriber.NoCompatibleVariantsFailureDescriber.describe
Failure(NoCompatibleVariantsFailureDescriber.java:37)
	at org.gradle.internal.component.resolution.failure.R
esolutionFailureHandler.lambda$describeFailure$3(Resol
utionFailureHandler.java:275)
	at org.gradle.internal.component.resolution.failure.R
esolutionFailureHandler.describeFailure(ResolutionFail
ureHandler.java:275)
	at org.gradle.internal.component.resolution.failure.R
esolutionFailureHandler.noVariantsFailure(ResolutionFa
ilureHandler.java:160)
	at org.gradle.internal.component.model.GraphVariantSe
lector.selectLegacyVariant(GraphVariantSelector.java:1
67)
	at org.gradle.internal.component.model.LocalComponent
DependencyMetadata.selectVariants(LocalComponentDepend
encyMetadata.java:121)
	at org.gradle.internal.component.model.DelegatingDepe
ndencyMetadata.selectVariants(DelegatingDependencyMeta
data.java:46)
	at org.gradle.api.internal.artifacts.ivyservice.resol
veengine.graph.builder.EdgeState.calculateTargetNodes(
EdgeState.java:257)
	at org.gradle.api.internal.artifacts.ivyservice.resol
veengine.graph.builder.EdgeState.attachToTargetNodes(E
dgeState.java:148)
	at org.gradle.api.internal.artifacts.ivyservice.resol
veengine.graph.builder.DependencyGraphBuilder.attachTo
TargetRevisionsSerially(DependencyGraphBuilder.java:39
0)
	at org.gradle.api.internal.artifacts.ivyservice.resol
veengine.graph.builder.DependencyGraphBuilder.resolveE
dges(DependencyGraphBuilder.java:280)
	at org.gradle.api.internal.artifacts.ivyservice.resol
veengine.graph.builder.DependencyGraphBuilder.traverse
Graph(DependencyGraphBuilder.java:205)
	at org.gradle.api.internal.artifacts.ivyservice.resol
veengine.graph.builder.DependencyGraphBuilder.resolve(
DependencyGraphBuilder.java:164)
	at org.gradle.api.internal.artifacts.ivyservice.resol
veengine.DependencyGraphResolver.resolve(DependencyGra
phResolver.java:120)
	at org.gradle.api.internal.artifacts.ivyservice.Resol
utionExecutor.doResolve(ResolutionExecutor.java:482)
	at org.gradle.api.internal.artifacts.ivyservice.Resol
utionExecutor.resolveBuildDependencies(ResolutionExecu
tor.java:264)
	at org.gradle.api.internal.artifacts.ivyservice.Short
CircuitingResolutionExecutor.resolveBuildDependencies(
ShortCircuitingResolutionExecutor.java:81)
	at org.gradle.api.internal.artifacts.ivyservice.Defau
ltConfigurationResolver.resolveBuildDependencies(Defau
ltConfigurationResolver.java:104)
	at org.gradle.api.internal.artifacts.configurations.D
efaultConfiguration.lambda$resolveGraphForBuildDepende
nciesIfRequired$8(DefaultConfiguration.java:927)
	at org.gradle.api.internal.project.DefaultProjectStat
eRegistry$CalculatedModelValueImpl.update(DefaultProje
ctStateRegistry.java:533)
	at org.gradle.api.internal.artifacts.configurations.D
efaultConfiguration.resolveGraphForBuildDependenciesIf
Required(DefaultConfiguration.java:913)
	at org.gradle.api.internal.artifacts.configurations.D
efaultConfiguration.access$1200(DefaultConfiguration.j
ava:150)
	at org.gradle.api.internal.artifacts.configurations.D
efaultConfiguration$ResolverResultsResolutionResultPro
vider.getTaskDependencyValue(DefaultConfiguration.java
:703)
	at org.gradle.api.internal.artifacts.configurations.D
efaultConfiguration$ResolverResultsResolutionResultPro
vider.getTaskDependencyValue(DefaultConfiguration.java
:695)
	at org.gradle.api.internal.artifacts.configurations.R
esolutionResultProvider$1.getTaskDependencyValue(Resol
utionResultProvider.java:49)
	at org.gradle.api.internal.artifacts.configurations.R
esolutionResultProviderBackedSelectedArtifactSet.visit
Dependencies(ResolutionResultProviderBackedSelectedArt
ifactSet.java:44)
	at org.gradle.api.internal.artifacts.configurations.R
esolutionBackedFileCollection.visitDependencies(Resolu
tionBackedFileCollection.java:58)
	at org.gradle.api.internal.tasks.CachingTaskDependenc
yResolveContext$TaskGraphImpl.getNodeValues(CachingTas
kDependencyResolveContext.java:108)
	at org.gradle.internal.graph.CachingDirectedGraphWalk
er$GraphWithEmptyEdges.getNodeValues(CachingDirectedGr
aphWalker.java:219)
	at org.gradle.internal.graph.CachingDirectedGraphWalk
er.doSearch(CachingDirectedGraphWalker.java:127)
	at org.gradle.internal.graph.CachingDirectedGraphWalk
er.findValues(CachingDirectedGraphWalker.java:79)
	at org.gradle.api.internal.tasks.CachingTaskDependenc
yResolveContext.getDependencies(CachingTaskDependencyR
esolveContext.java:67)
	at org.gradle.execution.plan.TaskDependencyResolver.r
esolveDependenciesFor(TaskDependencyResolver.java:49)
	at org.gradle.execution.plan.LocalTaskNode.getDepende
ncies(LocalTaskNode.java:151)
	at org.gradle.execution.plan.LocalTaskNode.resolveDep
endencies(LocalTaskNode.java:125)
	at org.gradle.execution.plan.DefaultExecutionPlan.dis
coverNodeRelationships(DefaultExecutionPlan.java:182)
	at org.gradle.execution.plan.DefaultExecutionPlan.doA
ddEntryNodes(DefaultExecutionPlan.java:154)
	at org.gradle.execution.plan.DefaultExecutionPlan.add
EntryTasks(DefaultExecutionPlan.java:129)
	at org.gradle.execution.plan.DefaultExecutionPlan.add
EntryTasks(DefaultExecutionPlan.java:121)
	at org.gradle.execution.TaskNameResolvingBuildTaskSch
eduler.scheduleRequestedTasks(TaskNameResolvingBuildTa
skScheduler.java:61)
	at org.gradle.execution.DefaultTasksBuildTaskSchedule
r.scheduleRequestedTasks(DefaultTasksBuildTaskSchedule
r.java:72)
	at org.gradle.initialization.DefaultTaskExecutionPrep
arer.lambda$scheduleRequestedTasks$0(DefaultTaskExecut
ionPreparer.java:48)
	at org.gradle.internal.Factories$1.create(Factories.j
ava:31)
	at org.gradle.internal.work.DefaultWorkerLeaseService
.withReplacedLocks(DefaultWorkerLeaseService.java:359)
	at org.gradle.api.internal.project.DefaultProjectStat
eRegistry$DefaultBuildProjectRegistry.withMutableState
OfAllProjects(DefaultProjectStateRegistry.java:239)
	at org.gradle.api.internal.project.DefaultProjectStat
eRegistry$DefaultBuildProjectRegistry.withMutableState
OfAllProjects(DefaultProjectStateRegistry.java:232)
	at org.gradle.initialization.DefaultTaskExecutionPrep
arer.scheduleRequestedTasks(DefaultTaskExecutionPrepar
er.java:47)
	at org.gradle.initialization.VintageBuildModelControl
ler.lambda$scheduleRequestedTasks$0(VintageBuildModelC
ontroller.java:76)
	at org.gradle.internal.model.StateTransitionControlle
r.lambda$inState$1(StateTransitionController.java:99)
	at org.gradle.internal.model.StateTransitionControlle
r.lambda$inState$2(StateTransitionController.java:114)
	at org.gradle.internal.work.DefaultSynchronizer.withL
ock(DefaultSynchronizer.java:46)
	at org.gradle.internal.model.StateTransitionControlle
r.inState(StateTransitionController.java:110)
	at org.gradle.internal.model.StateTransitionControlle
r.inState(StateTransitionController.java:98)
	at org.gradle.initialization.VintageBuildModelControl
ler.scheduleRequestedTasks(VintageBuildModelController
.java:76)
	at org.gradle.internal.build.DefaultBuildLifecycleCon
troller$DefaultWorkGraphBuilder.addRequestedTasks(Defa
ultBuildLifecycleController.java:404)
	at org.gradle.internal.buildtree.DefaultBuildTreeWork
Preparer.lambda$scheduleRequestedTasks$0(DefaultBuildT
reeWorkPreparer.java:41)
	at org.gradle.internal.build.DefaultBuildLifecycleCon
troller.lambda$populateWorkGraph$7(DefaultBuildLifecyc
leController.java:189)
	at org.gradle.internal.build.DefaultBuildWorkPreparer
.populateWorkGraph(DefaultBuildWorkPreparer.java:42)
	at org.gradle.internal.build.BuildOperationFiringBuil
dWorkPreparer$PopulateWorkGraph.populateTaskGraph(Buil
dOperationFiringBuildWorkPreparer.java:106)
	at org.gradle.internal.build.BuildOperationFiringBuil
dWorkPreparer$PopulateWorkGraph.run(BuildOperationFiri
ngBuildWorkPreparer.java:92)
	at org.gradle.internal.operations.DefaultBuildOperati
onRunner$1.execute(DefaultBuildOperationRunner.java:30
)
	at org.gradle.internal.operations.DefaultBuildOperati
onRunner$1.execute(DefaultBuildOperationRunner.java:27
)
	at org.gradle.internal.operations.DefaultBuildOperati
onRunner$2.execute(DefaultBuildOperationRunner.java:67
)
	at org.gradle.internal.operations.DefaultBuildOperati
onRunner$2.execute(DefaultBuildOperationRunner.java:60
)
	at org.gradle.internal.operations.DefaultBuildOperati
onRunner.execute(DefaultBuildOperationRunner.java:167)
	at org.gradle.internal.operations.DefaultBuildOperati
onRunner.execute(DefaultBuildOperationRunner.java:60)
	at org.gradle.internal.operations.DefaultBuildOperati
onRunner.run(DefaultBuildOperationRunner.java:48)
	at org.gradle.internal.build.BuildOperationFiringBuil
dWorkPreparer.populateWorkGraph(BuildOperationFiringBu
ildWorkPreparer.java:67)
	at org.gradle.internal.build.DefaultBuildLifecycleCon
troller.lambda$populateWorkGraph$8(DefaultBuildLifecyc
leController.java:189)
	at org.gradle.internal.model.StateTransitionControlle
r.lambda$inState$1(StateTransitionController.java:99)
	at org.gradle.internal.model.StateTransitionControlle
r.lambda$inState$2(StateTransitionController.java:114)
	at org.gradle.internal.work.DefaultSynchronizer.withL
ock(DefaultSynchronizer.java:46)
	at org.gradle.internal.model.StateTransitionControlle
r.inState(StateTransitionController.java:110)
	at org.gradle.internal.model.StateTransitionControlle
r.inState(StateTransitionController.java:98)
	at org.gradle.internal.build.DefaultBuildLifecycleCon
troller.populateWorkGraph(DefaultBuildLifecycleControl
ler.java:189)
	at org.gradle.internal.build.DefaultBuildWorkGraphCon
troller$DefaultBuildWorkGraph.populateWorkGraph(Defaul
tBuildWorkGraphController.java:169)
	at org.gradle.composite.internal.DefaultBuildControll
er.populateWorkGraph(DefaultBuildController.java:76)
	at org.gradle.composite.internal.DefaultIncludedBuild
TaskGraph$DefaultBuildTreeWorkGraphBuilder.withWorkGra
ph(DefaultIncludedBuildTaskGraph.java:153)
	at org.gradle.internal.buildtree.DefaultBuildTreeWork
Preparer.lambda$scheduleRequestedTasks$1(DefaultBuildT
reeWorkPreparer.java:41)
	at org.gradle.composite.internal.DefaultIncludedBuild
TaskGraph$DefaultBuildTreeWorkGraph$1.run(DefaultInclu
dedBuildTaskGraph.java:209)
	at org.gradle.internal.operations.DefaultBuildOperati
onRunner$1.execute(DefaultBuildOperationRunner.java:30
)
	at org.gradle.internal.operations.DefaultBuildOperati
onRunner$1.execute(DefaultBuildOperationRunner.java:27
)
	at org.gradle.internal.operations.DefaultBuildOperati
onRunner$2.execute(DefaultBuildOperationRunner.java:67
)
	at org.gradle.internal.operations.DefaultBuildOperati
onRunner$2.execute(DefaultBuildOperationRunner.java:60
)
	at org.gradle.internal.operations.DefaultBuildOperati
onRunner.execute(DefaultBuildOperationRunner.java:167)
	at org.gradle.internal.operations.DefaultBuildOperati
onRunner.execute(DefaultBuildOperationRunner.java:60)
	at org.gradle.internal.operations.DefaultBuildOperati
onRunner.run(DefaultBuildOperationRunner.java:48)
	at org.gradle.composite.internal.DefaultIncludedBuild
TaskGraph$DefaultBuildTreeWorkGraph.scheduleWork(Defau
ltIncludedBuildTaskGraph.java:204)
	at org.gradle.internal.buildtree.DefaultBuildTreeWork
Preparer.scheduleRequestedTasks(DefaultBuildTreeWorkPr
eparer.java:37)
	at org.gradle.internal.cc.impl.VintageBuildTreeWorkCo
ntroller$scheduleAndRunRequestedTasks$1.apply(VintageB
uildTreeWorkController.kt:36)
	at org.gradle.internal.cc.impl.VintageBuildTreeWorkCo
ntroller$scheduleAndRunRequestedTasks$1.apply(VintageB
uildTreeWorkController.kt:35)
	at org.gradle.composite.internal.DefaultIncludedBuild
TaskGraph.withNewWorkGraph(DefaultIncludedBuildTaskGra
ph.java:112)
	at org.gradle.internal.cc.impl.VintageBuildTreeWorkCo
ntroller.scheduleAndRunRequestedTasks(VintageBuildTree
WorkController.kt:35)
	at org.gradle.internal.buildtree.DefaultBuildTreeLife
cycleController.lambda$scheduleAndRunTasks$1(DefaultBu
ildTreeLifecycleController.java:77)
	at org.gradle.internal.buildtree.DefaultBuildTreeLife
cycleController.lambda$runBuild$4(DefaultBuildTreeLife
cycleController.java:120)
	at org.gradle.internal.model.StateTransitionControlle
r.lambda$transition$6(StateTransitionController.java:1
69)
	at org.gradle.internal.model.StateTransitionControlle
r.doTransition(StateTransitionController.java:266)
	at org.gradle.internal.model.StateTransitionControlle
r.lambda$transition$7(StateTransitionController.java:1
69)
	at org.gradle.internal.work.DefaultSynchronizer.withL
ock(DefaultSynchronizer.java:46)
	at org.gradle.internal.model.StateTransitionControlle
r.transition(StateTransitionController.java:169)
	at org.gradle.internal.buildtree.DefaultBuildTreeLife
cycleController.runBuild(DefaultBuildTreeLifecycleCont
roller.java:117)
	at org.gradle.internal.buildtree.DefaultBuildTreeLife
cycleController.scheduleAndRunTasks(DefaultBuildTreeLi
fecycleController.java:77)
	at org.gradle.internal.buildtree.DefaultBuildTreeLife
cycleController.scheduleAndRunTasks(DefaultBuildTreeLi
fecycleController.java:72)
	at org.gradle.tooling.internal.provider.ExecuteBuildA
ctionRunner.run(ExecuteBuildActionRunner.java:31)
	at org.gradle.launcher.exec.ChainingBuildActionRunner
.run(ChainingBuildActionRunner.java:35)
	at org.gradle.internal.buildtree.ProblemReportingBuil
dActionRunner.run(ProblemReportingBuildActionRunner.ja
va:49)
	at org.gradle.launcher.exec.BuildOutcomeReportingBuil
dActionRunner.run(BuildOutcomeReportingBuildActionRunn
er.java:71)
	at org.gradle.tooling.internal.provider.FileSystemWat
chingBuildActionRunner.run(FileSystemWatchingBuildActi
onRunner.java:135)
	at org.gradle.launcher.exec.BuildCompletionNotifyingB
uildActionRunner.run(BuildCompletionNotifyingBuildActi
onRunner.java:41)
	at org.gradle.launcher.exec.RootBuildLifecycleBuildAc
tionExecutor.lambda$execute$0(RootBuildLifecycleBuildA
ctionExecutor.java:54)
	at org.gradle.composite.internal.DefaultRootBuildStat
e.run(DefaultRootBuildState.java:130)
	at org.gradle.launcher.exec.RootBuildLifecycleBuildAc
tionExecutor.execute(RootBuildLifecycleBuildActionExec
utor.java:54)
	at org.gradle.internal.buildtree.InitDeprecationLoggi
ngActionExecutor.execute(InitDeprecationLoggingActionE
xecutor.java:62)
	at org.gradle.internal.buildtree.InitProblems.execute
(InitProblems.java:36)
	at org.gradle.internal.buildtree.DefaultBuildTreeCont
ext.execute(DefaultBuildTreeContext.java:40)
	at org.gradle.launcher.exec.BuildTreeLifecycleBuildAc
tionExecutor.lambda$execute$0(BuildTreeLifecycleBuildA
ctionExecutor.java:71)
	at org.gradle.internal.buildtree.BuildTreeState.run(B
uildTreeState.java:60)
	at org.gradle.launcher.exec.BuildTreeLifecycleBuildAc
tionExecutor.execute(BuildTreeLifecycleBuildActionExec
utor.java:71)
	at org.gradle.launcher.exec.RunAsBuildOperationBuildA
ctionExecutor$2.call(RunAsBuildOperationBuildActionExe
cutor.java:67)
	at org.gradle.launcher.exec.RunAsBuildOperationBuildA
ctionExecutor$2.call(RunAsBuildOperationBuildActionExe
cutor.java:63)
	at org.gradle.internal.operations.DefaultBuildOperati
onRunner$CallableBuildOperationWorker.execute(DefaultB
uildOperationRunner.java:210)
	at org.gradle.internal.operations.DefaultBuildOperati
onRunner$CallableBuildOperationWorker.execute(DefaultB
uildOperationRunner.java:205)
	at org.gradle.internal.operations.DefaultBuildOperati
onRunner$2.execute(DefaultBuildOperationRunner.java:67
)
	at org.gradle.internal.operations.DefaultBuildOperati
onRunner$2.execute(DefaultBuildOperationRunner.java:60
)
	at org.gradle.internal.operations.DefaultBuildOperati
onRunner.execute(DefaultBuildOperationRunner.java:167)
	at org.gradle.internal.operations.DefaultBuildOperati
onRunner.execute(DefaultBuildOperationRunner.java:60)
	at org.gradle.internal.operations.DefaultBuildOperati
onRunner.call(DefaultBuildOperationRunner.java:54)
	at org.gradle.launcher.exec.RunAsBuildOperationBuildA
ctionExecutor.execute(RunAsBuildOperationBuildActionEx
ecutor.java:63)
	at org.gradle.launcher.exec.RunAsWorkerThreadBuildAct
ionExecutor.lambda$execute$0(RunAsWorkerThreadBuildAct
ionExecutor.java:36)
	at org.gradle.internal.work.DefaultWorkerLeaseService
.withLocks(DefaultWorkerLeaseService.java:263)
	at org.gradle.internal.work.DefaultWorkerLeaseService
.runAsWorkerThread(DefaultWorkerLeaseService.java:127)
	at org.gradle.launcher.exec.RunAsWorkerThreadBuildAct
ionExecutor.execute(RunAsWorkerThreadBuildActionExecut
or.java:36)
	at org.gradle.tooling.internal.provider.continuous.Co
ntinuousBuildActionExecutor.execute(ContinuousBuildAct
ionExecutor.java:110)
	at org.gradle.tooling.internal.provider.SubscribableB
uildActionExecutor.execute(SubscribableBuildActionExec
utor.java:64)
	at org.gradle.internal.session.DefaultBuildSessionCon
text.execute(DefaultBuildSessionContext.java:46)
	at org.gradle.internal.buildprocess.execution.BuildSe
ssionLifecycleBuildActionExecutor$ActionImpl.apply(Bui
ldSessionLifecycleBuildActionExecutor.java:92)
	at org.gradle.internal.buildprocess.execution.BuildSe
ssionLifecycleBuildActionExecutor$ActionImpl.apply(Bui
ldSessionLifecycleBuildActionExecutor.java:80)
	at org.gradle.internal.session.BuildSessionState.run(
BuildSessionState.java:73)
	at org.gradle.internal.buildprocess.execution.BuildSe
ssionLifecycleBuildActionExecutor.execute(BuildSession
LifecycleBuildActionExecutor.java:62)
	at org.gradle.internal.buildprocess.execution.BuildSe
ssionLifecycleBuildActionExecutor.execute(BuildSession
LifecycleBuildActionExecutor.java:41)
	at org.gradle.internal.buildprocess.execution.StartPa
ramsValidatingActionExecutor.execute(StartParamsValida
tingActionExecutor.java:64)
	at org.gradle.internal.buildprocess.execution.StartPa
ramsValidatingActionExecutor.execute(StartParamsValida
tingActionExecutor.java:32)
	at org.gradle.internal.buildprocess.execution.Session
FailureReportingActionExecutor.execute(SessionFailureR
eportingActionExecutor.java:51)
	at org.gradle.internal.buildprocess.execution.Session
FailureReportingActionExecutor.execute(SessionFailureR
eportingActionExecutor.java:39)
	at org.gradle.internal.buildprocess.execution.SetupLo
ggingActionExecutor.execute(SetupLoggingActionExecutor
.java:47)
	at org.gradle.internal.buildprocess.execution.SetupLo
ggingActionExecutor.execute(SetupLoggingActionExecutor
.java:31)
	at org.gradle.launcher.daemon.server.exec.ExecuteBuil
d.doBuild(ExecuteBuild.java:70)
	at org.gradle.launcher.daemon.server.exec.BuildComman
dOnly.execute(BuildCommandOnly.java:37)
	at org.gradle.launcher.daemon.server.api.DaemonComman
dExecution.proceed(DaemonCommandExecution.java:104)
	at org.gradle.launcher.daemon.server.exec.WatchForDis
connection.execute(WatchForDisconnection.java:39)
	at org.gradle.launcher.daemon.server.api.DaemonComman
dExecution.proceed(DaemonCommandExecution.java:104)
	at org.gradle.launcher.daemon.server.exec.ResetDeprec
ationLogger.execute(ResetDeprecationLogger.java:29)
	at org.gradle.launcher.daemon.server.api.DaemonComman
dExecution.proceed(DaemonCommandExecution.java:104)
	at org.gradle.launcher.daemon.server.exec.RequestStop
IfSingleUsedDaemon.execute(RequestStopIfSingleUsedDaem
on.java:35)
	at org.gradle.launcher.daemon.server.api.DaemonComman
dExecution.proceed(DaemonCommandExecution.java:104)
	at org.gradle.launcher.daemon.server.exec.ForwardClie
ntInput.lambda$execute$0(ForwardClientInput.java:40)
	at org.gradle.internal.daemon.clientinput.ClientInput
Forwarder.forwardInput(ClientInputForwarder.java:80)
	at org.gradle.launcher.daemon.server.exec.ForwardClie
ntInput.execute(ForwardClientInput.java:37)
	at org.gradle.launcher.daemon.server.api.DaemonComman
dExecution.proceed(DaemonCommandExecution.java:104)
	at org.gradle.launcher.daemon.server.exec.LogAndCheck
Health.execute(LogAndCheckHealth.java:64)
	at org.gradle.launcher.daemon.server.api.DaemonComman
dExecution.proceed(DaemonCommandExecution.java:104)
	at org.gradle.launcher.daemon.server.exec.LogToClient
.doBuild(LogToClient.java:63)
	at org.gradle.launcher.daemon.server.exec.BuildComman
dOnly.execute(BuildCommandOnly.java:37)
	at org.gradle.launcher.daemon.server.api.DaemonComman
dExecution.proceed(DaemonCommandExecution.java:104)
	at org.gradle.launcher.daemon.server.exec.EstablishBu
ildEnvironment.doBuild(EstablishBuildEnvironment.java:
84)
	at org.gradle.launcher.daemon.server.exec.BuildComman
dOnly.execute(BuildCommandOnly.java:37)
	at org.gradle.launcher.daemon.server.api.DaemonComman
dExecution.proceed(DaemonCommandExecution.java:104)
	at org.gradle.launcher.daemon.server.exec.StartBuildO
rRespondWithBusy$1.run(StartBuildOrRespondWithBusy.jav
a:52)
	at org.gradle.launcher.daemon.server.DaemonStateCoord
inator.lambda$runCommand$0(DaemonStateCoordinator.java
:321)
	at org.gradle.internal.concurrent.ExecutorPolicy$Catc
hAndRecordFailures.onExecute(ExecutorPolicy.java:64)
	at org.gradle.internal.concurrent.AbstractManagedExec
utor$1.run(AbstractManagedExecutor.java:48)


Deprecated Gradle features were used in this build, making it incompatible with Gradle 9.0.

You can use '--warning-mode all' to show the individual deprecation warnings and determine if they come from your own scripts or plugins.

For more on this, please refer to https://docs.gradle.org/8.13/userguide/command_line_interface.html#sec:command_line_warnings in the Gradle documentation.

BUILD FAILED in 2s
